// Vitest Snapshot v1, https://vitest.dev/guide/snapshot.html

exports[`snapshot with nothing in cart 1`] = `
<DocumentFragment>
  <div
    class="cart"
  >
    <h2>
      Cart
    </h2>
    <p>
      Your cart is empty
    </p>
    <p>
      Total: $0.00
    </p>
    <button
      disabled=""
    >
      Checkout
    </button>
  </div>
</DocumentFragment>
`;
